// Jest Snapshot v1, https://goo.gl/fbAQLP

exports[`generateTableFromField() Function should generate a table correctly 1`] = `
[
  "| Name        | Description |
| ----------- | ----------- |
| Type        | String      |
| Nullable    | ❌ No        |
| Description | test        |",
  "| Name        | Description |
| ----------- | ----------- |
| Type        | Boolean     |
| Nullable    | ✔️ Yes      |
| Description | test        |",
  "| Name        | Description |
| ----------- | ----------- |
| Type        | Boolean[]   |
| Nullable    | ❌ No        |
| Description | test        |",
  "| Name     | Description |
| -------- | ----------- |
| Type     | Int[]       |
| Nullable | ❌ No        |",
  "| Name     | Description |
| -------- | ----------- |
| Type     | Float[]     |
| Nullable | ❌ No        |",
]
`;

exports[`generateTableFromField() Function should generate a table with min and max values correctly 1`] = `
[
  "| Name     | Description |
| -------- | ----------- |
| Type     | Int         |
| Nullable | ❌ No        |
| Minimum  | 0           |
| Maximum  | 100         |",
  "| Name     | Description |
| -------- | ----------- |
| Type     | Float       |
| Nullable | ❌ No        |
| Minimum  | 0           |
| Maximum  | 100         |",
]
`;
